// Jest Snapshot v1, https://goo.gl/fbAQLP

exports[`Loading Should renders correctly 1`] = `
<div
  className="lds_spinner"
>
  <div />
  <div />
  <div />
  <div />
  <div />
  <div />
  <div />
  <div />
  <div />
  <div />
  <div />
  <div />
</div>
`;
