// Jest Snapshot v1, https://goo.gl/fbAQLP

exports[`PageNotFound Should renders correctly 1`] = `
<DocumentFragment>
  <div
    class="container"
  >
    <h1>
      404.title
    </h1>
    <p>
      404
    </p>
    <button
      class="back_home"
      type="button"
    >
      404.btn
    </button>
  </div>
</DocumentFragment>
`;
