// Jest Snapshot v1, https://goo.gl/fbAQLP

exports[`PageNotFound Should renders correctly 1`] = `
<DocumentFragment>
  <div
    class="container"
  >
    <h1>
      Page Not Found
    </h1>
    <p>
      404
    </p>
    <a
      href="/"
    >
      <button
        class="back_home"
        type="button"
      >
        GO BACK TO HOME
      </button>
    </a>
  </div>
</DocumentFragment>
`;
