// Jest Snapshot v1, https://goo.gl/fbAQLP

exports[`Footer Should renders correctly 1`] = `
<footer
  className="container"
>
  <span
    className="title"
  >
    <b>
      netflix
    </b>
    roulette
  </span>
</footer>
`;
