// Jest Snapshot v1, https://goo.gl/fbAQLP

exports[`DeleteForm Should renders correctly 1`] = `
<DocumentFragment>
  <div
    class="modal_backdrop"
  >
    <div
      class="modal_window"
    >
      <div
        class="close_btn"
      >
        Ã—
      </div>
      <h1
        class="title"
      >
        DELETE MOVIE
      </h1>
      <div
        class="container"
      >
        <p>
          Are you sure you want delete this movie?
        </p>
        <button
          class="confirm"
          type="button"
        >
          CONFIRM
        </button>
      </div>
    </div>
  </div>
</DocumentFragment>
`;
