// Jest Snapshot v1, https://goo.gl/fbAQLP

exports[`Header Should renders correctly 1`] = `
<DocumentFragment>
  <header
    class="container"
  >
    <div
      class="container_shadow"
    />
    <section
      class="section"
    >
      <span
        class="logo"
      >
        <b>
          netflix
        </b>
        roulette
      </span>
      <img
        alt="EN"
        class="en"
        src="test-file-stub"
      />
      <img
        alt="RU"
        class="ru"
        src="test-file-stub"
      />
      <div>
        Test children
      </div>
    </section>
  </header>
</DocumentFragment>
`;
