// Jest Snapshot v1, https://goo.gl/fbAQLP

exports[`SuccessMessage Should renders correctly 1`] = `
<DocumentFragment>
  <div
    class="modal_backdrop"
  >
    <div
      class="modal_window"
    >
      <div
        class="close_btn"
      >
        Ã—
      </div>
      <h1
        class="title"
      />
      <div
        class="container"
      >
        <div
          class="img"
        />
        <h1>
          CONGRATULATIONS !
        </h1>
        <p>
          The movie has been added to database successfully
        </p>
      </div>
    </div>
  </div>
</DocumentFragment>
`;
